// Jest Snapshot v1, https://goo.gl/fbAQLP

exports[`App component renders App 1`] = `
<body>
  <Header />
  <FormControl />
</body>
`;
